[ 2739070ms] [LOG] [HMR] connected @ http://localhost:3000/_next/static/chunks/0q~f_next_dist_083x~q-._.js:1380
[ 4605027ms] [LOG] [Fast Refresh] rebuilding @ http://localhost:3000/_next/static/chunks/0q~f_next_dist_083x~q-._.js:1380
[ 4605036ms] [LOG] [Fast Refresh] done in 112ms @ http://localhost:3000/_next/static/chunks/0q~f_next_dist_083x~q-._.js:1380
[ 4624561ms] [LOG] Refreshing page data due to server-side change @ http://localhost:3000/_next/static/chunks/0q~f_next_dist_083x~q-._.js:1380
[ 4624571ms] [LOG] [Fast Refresh] rebuilding @ http://localhost:3000/_next/static/chunks/0q~f_next_dist_083x~q-._.js:1380
[ 4624672ms] [LOG] [Fast Refresh] done in 202ms @ http://localhost:3000/_next/static/chunks/0q~f_next_dist_083x~q-._.js:1380
[ 4644229ms] [LOG] [Fast Refresh] rebuilding @ http://localhost:3000/_next/static/chunks/0q~f_next_dist_083x~q-._.js:1380
[ 4644321ms] [LOG] [Fast Refresh] done in 42ms @ http://localhost:3000/_next/static/chunks/0q~f_next_dist_083x~q-._.js:1380
[ 4644481ms] [INFO] %cDownload the React DevTools for a better development experience: https://react.dev/link/react-devtools font-weight:bold @ http://localhost:3000/_next/static/chunks/0g89_react-dom_0da1uz_._.js:15305
[ 4644493ms] [LOG] [HMR] connected @ http://localhost:3000/_next/static/chunks/0q~f_next_dist_083x~q-._.js:1380
[ 4743535ms] [LOG] [HMR] connected @ http://localhost:3000/_next/static/chunks/0q~f_next_dist_083x~q-._.js:1380
[26361447ms] [LOG] [Fast Refresh] rebuilding @ http://localhost:3000/_next/static/chunks/0q~f_next_dist_083x~q-._.js:1380
[26361453ms] [LOG] Refreshing page data due to server-side change @ http://localhost:3000/_next/static/chunks/0q~f_next_dist_083x~q-._.js:1380
[26361617ms] [LOG] [Fast Refresh] done in 112ms @ http://localhost:3000/_next/static/chunks/0q~f_next_dist_083x~q-._.js:1380
[26361764ms] [INFO] %cDownload the React DevTools for a better development experience: https://react.dev/link/react-devtools font-weight:bold @ http://localhost:3000/_next/static/chunks/0g89_react-dom_0da1uz_._.js:15305
[26361776ms] [LOG] [HMR] connected @ http://localhost:3000/_next/static/chunks/0q~f_next_dist_083x~q-._.js:1380
[26373734ms] [LOG] [Fast Refresh] rebuilding @ http://localhost:3000/_next/static/chunks/0q~f_next_dist_083x~q-._.js:1380
[26373788ms] [LOG] [Fast Refresh] done in 42ms @ http://localhost:3000/_next/static/chunks/0q~f_next_dist_083x~q-._.js:1380
[26373884ms] [INFO] %cDownload the React DevTools for a better development experience: https://react.dev/link/react-devtools font-weight:bold @ http://localhost:3000/_next/static/chunks/0g89_react-dom_0da1uz_._.js:15305
[26373889ms] [LOG] [HMR] connected @ http://localhost:3000/_next/static/chunks/0q~f_next_dist_083x~q-._.js:1380
[26503929ms] [LOG] [Fast Refresh] rebuilding @ http://localhost:3000/_next/static/chunks/0q~f_next_dist_083x~q-._.js:1380
[26503985ms] [LOG] [Fast Refresh] done in 157ms @ http://localhost:3000/_next/static/chunks/0q~f_next_dist_083x~q-._.js:1380
[26559537ms] [LOG] [Fast Refresh] rebuilding @ http://localhost:3000/_next/static/chunks/0q~f_next_dist_083x~q-._.js:1380
[26559810ms] [LOG] [Fast Refresh] done in 262ms @ http://localhost:3000/_next/static/chunks/0q~f_next_dist_083x~q-._.js:1380
[26559856ms] [INFO] %cDownload the React DevTools for a better development experience: https://react.dev/link/react-devtools font-weight:bold @ http://localhost:3000/_next/static/chunks/0g89_react-dom_0da1uz_._.js:15305
[26559861ms] [LOG] [HMR] connected @ http://localhost:3000/_next/static/chunks/0q~f_next_dist_083x~q-._.js:1380
[26651765ms] [LOG] [HMR] connected @ http://localhost:3000/_next/static/chunks/0q~f_next_dist_083x~q-._.js:1380
[37516628ms] [LOG] [HMR] connected @ http://localhost:3000/_next/static/chunks/0q~f_next_dist_083x~q-._.js:1380
[37638067ms] [LOG] [Fast Refresh] rebuilding @ http://localhost:3000/_next/static/chunks/0q~f_next_dist_083x~q-._.js:1380
[37638125ms] [LOG] [Fast Refresh] done in 160ms @ http://localhost:3000/_next/static/chunks/0q~f_next_dist_083x~q-._.js:1380
[37756629ms] [LOG] [HMR] connected @ http://localhost:3000/_next/static/chunks/0q~f_next_dist_083x~q-._.js:1380
[38055185ms] [LOG] [Fast Refresh] rebuilding @ http://localhost:3000/_next/static/chunks/0q~f_next_dist_083x~q-._.js:1380
[38055287ms] [LOG] [Fast Refresh] done in 202ms @ http://localhost:3000/_next/static/chunks/0q~f_next_dist_083x~q-._.js:1380
[38114662ms] [LOG] [Fast Refresh] rebuilding @ http://localhost:3000/_next/static/chunks/0q~f_next_dist_083x~q-._.js:1380
[38114692ms] [LOG] [Fast Refresh] done in 59ms @ http://localhost:3000/_next/static/chunks/0q~f_next_dist_083x~q-._.js:1380
